(
{p_r, q},
{'0', '1'},
{
p_r '1' -> p_r,
p_r '0' -> q,
q '1' -> q,
q '0' -> p_r
},
p_r,
{q}
)