-----
['p', 'q', 'r']
-----
['á', '€']
-----
OrderedDict([('p', {'€': 'p', 'á': 'q'}), ('q', {'€': 'q', 'á': 'r'}), ('r', {'€': 'p', 'á': 'q'})])
-----
['p']
-----
['q']
-----
