-----
['p', 'q', 'r']
-----
['0', '1']
-----
OrderedDict([('p', {'0': 'q', '1': 'p'}), ('q', {'0': 'r', '1': 'q'}), ('r', {'0': 'q', '1': 'p'})])
-----
['p']
-----
['q']
-----
